---
source: tests/insta_test.rs
expression: tester.conv_program().as_ref().unwrap()
---
ConvProgram {
    components: [
        Func(
            ConvFuncDef {
                ty: Func {
                    ret_ty: Base(
                        Int,
                    ),
                    args: [],
                    is_flexible: true,
                },
                name: "main",
                args: [],
                body: Block(
                    [
                        Block(
                            [],
                        ),
                        Block(
                            [],
                        ),
                        Expr(
                            ConvExpr {
                                kind: Assign(
                                    ConvExpr {
                                        kind: LVar(
                                            LVar {
                                                offset: 8,
                                                ty: Ptr(
                                                    Void,
                                                ),
                                            },
                                        ),
                                        ty: Ptr(
                                            Void,
                                        ),
                                        debug_info: DebugInfo {
                                            file_info: FileInfo {
                                                file_name: "",
                                                src: "int main() {\n        void *p;\n        int ****a;\n        p = &a;\n    }",
                                            },
                                            pos: Position {
                                                n_char: 8,
                                                n_line: 3,
                                            },
                                        },
                                    },
                                    ConvExpr {
                                        kind: Cast(
                                            ConvExpr {
                                                kind: Addr(
                                                    ConvExpr {
                                                        kind: LVar(
                                                            LVar {
                                                                offset: 16,
                                                                ty: Ptr(
                                                                    Ptr(
                                                                        Ptr(
                                                                            Ptr(
                                                                                Base(
                                                                                    Int,
                                                                                ),
                                                                            ),
                                                                        ),
                                                                    ),
                                                                ),
                                                            },
                                                        ),
                                                        ty: Ptr(
                                                            Ptr(
                                                                Ptr(
                                                                    Ptr(
                                                                        Base(
                                                                            Int,
                                                                        ),
                                                                    ),
                                                                ),
                                                            ),
                                                        ),
                                                        debug_info: DebugInfo {
                                                            file_info: FileInfo {
                                                                file_name: "",
                                                                src: "int main() {\n        void *p;\n        int ****a;\n        p = &a;\n    }",
                                                            },
                                                            pos: Position {
                                                                n_char: 13,
                                                                n_line: 3,
                                                            },
                                                        },
                                                    },
                                                ),
                                                ty: Ptr(
                                                    Ptr(
                                                        Ptr(
                                                            Ptr(
                                                                Ptr(
                                                                    Base(
                                                                        Int,
                                                                    ),
                                                                ),
                                                            ),
                                                        ),
                                                    ),
                                                ),
                                                debug_info: DebugInfo {
                                                    file_info: FileInfo {
                                                        file_name: "",
                                                        src: "int main() {\n        void *p;\n        int ****a;\n        p = &a;\n    }",
                                                    },
                                                    pos: Position {
                                                        n_char: 12,
                                                        n_line: 3,
                                                    },
                                                },
                                            },
                                            ToVoidPtr {
                                                ptr_to: Ptr(
                                                    Ptr(
                                                        Ptr(
                                                            Ptr(
                                                                Base(
                                                                    Int,
                                                                ),
                                                            ),
                                                        ),
                                                    ),
                                                ),
                                            },
                                        ),
                                        ty: Ptr(
                                            Void,
                                        ),
                                        debug_info: DebugInfo {
                                            file_info: FileInfo {
                                                file_name: "",
                                                src: "int main() {\n        void *p;\n        int ****a;\n        p = &a;\n    }",
                                            },
                                            pos: Position {
                                                n_char: 12,
                                                n_line: 3,
                                            },
                                        },
                                    },
                                ),
                                ty: Ptr(
                                    Void,
                                ),
                                debug_info: DebugInfo {
                                    file_info: FileInfo {
                                        file_name: "",
                                        src: "int main() {\n        void *p;\n        int ****a;\n        p = &a;\n    }",
                                    },
                                    pos: Position {
                                        n_char: 10,
                                        n_line: 3,
                                    },
                                },
                            },
                        ),
                    ],
                ),
                stack_size: 16,
            },
        ),
    ],
}
