---
source: tests/insta_test.rs
expression: tester.conv_program().as_ref().unwrap()
---
ConvProgram {
    components: [
        Func(
            ConvFuncDef {
                ty: Func {
                    ret_ty: Base(
                        Int,
                    ),
                    args: [],
                    is_flexible: true,
                },
                name: "main",
                args: [],
                body: Block(
                    [
                        Switch {
                            expr: ConvExpr {
                                kind: Func(
                                    "f",
                                    [],
                                    true,
                                    0,
                                ),
                                ty: Base(
                                    Int,
                                ),
                                debug_info: DebugInfo {
                                    file_info: FileInfo {
                                        file_name: "not impl name.c",
                                        src: "int f();\n\nint main() {\n    switch (f()) {\n        case 0:\n            return 0;\n        case 1:\n            return 1;\n        default:\n            return 666;\n    }\n}",
                                    },
                                    pos: Position {
                                        n_char: 12,
                                        n_line: 3,
                                    },
                                },
                            },
                            labels: [
                                Case(
                                    0,
                                    Return(
                                        ConvExpr {
                                            kind: Num(
                                                0,
                                            ),
                                            ty: Base(
                                                Int,
                                            ),
                                            debug_info: DebugInfo {
                                                file_info: FileInfo {
                                                    file_name: "not impl name.c",
                                                    src: "int f();\n\nint main() {\n    switch (f()) {\n        case 0:\n            return 0;\n        case 1:\n            return 1;\n        default:\n            return 666;\n    }\n}",
                                                },
                                                pos: Position {
                                                    n_char: 19,
                                                    n_line: 5,
                                                },
                                            },
                                        },
                                        "main",
                                    ),
                                ),
                                Case(
                                    1,
                                    Return(
                                        ConvExpr {
                                            kind: Num(
                                                1,
                                            ),
                                            ty: Base(
                                                Int,
                                            ),
                                            debug_info: DebugInfo {
                                                file_info: FileInfo {
                                                    file_name: "not impl name.c",
                                                    src: "int f();\n\nint main() {\n    switch (f()) {\n        case 0:\n            return 0;\n        case 1:\n            return 1;\n        default:\n            return 666;\n    }\n}",
                                                },
                                                pos: Position {
                                                    n_char: 19,
                                                    n_line: 7,
                                                },
                                            },
                                        },
                                        "main",
                                    ),
                                ),
                                Default(
                                    Return(
                                        ConvExpr {
                                            kind: Num(
                                                666,
                                            ),
                                            ty: Base(
                                                Int,
                                            ),
                                            debug_info: DebugInfo {
                                                file_info: FileInfo {
                                                    file_name: "not impl name.c",
                                                    src: "int f();\n\nint main() {\n    switch (f()) {\n        case 0:\n            return 0;\n        case 1:\n            return 1;\n        default:\n            return 666;\n    }\n}",
                                                },
                                                pos: Position {
                                                    n_char: 19,
                                                    n_line: 9,
                                                },
                                            },
                                        },
                                        "main",
                                    ),
                                ),
                            ],
                        },
                    ],
                ),
                stack_size: 0,
            },
        ),
    ],
}
