---
source: tests/insta_test.rs
expression: tester.conv_program().as_ref().unwrap()
---
ConvProgram {
    components: [
        Func(
            ConvFuncDef {
                ty: Func {
                    ret_ty: Base(
                        Int,
                    ),
                    args: [],
                    is_flexible: true,
                },
                name: "main",
                args: [],
                body: Block(
                    [
                        Block(
                            [],
                        ),
                        Expr(
                            ConvExpr {
                                kind: Assign(
                                    ConvExpr {
                                        kind: Deref(
                                            ConvExpr {
                                                kind: Binary(
                                                    ConvBinary {
                                                        kind: Add,
                                                        lhs: ConvExpr {
                                                            kind: Addr(
                                                                ConvExpr {
                                                                    kind: LVar(
                                                                        LVar {
                                                                            offset: 3,
                                                                            ty: Array(
                                                                                Base(
                                                                                    Char,
                                                                                ),
                                                                                3,
                                                                            ),
                                                                        },
                                                                    ),
                                                                    ty: Base(
                                                                        Char,
                                                                    ),
                                                                    debug_info: DebugInfo {
                                                                        file_info: ,
                                                                        pos: Position {
                                                                            n_char: 8,
                                                                            n_line: 3,
                                                                        },
                                                                    },
                                                                },
                                                            ),
                                                            ty: Ptr(
                                                                Base(
                                                                    Char,
                                                                ),
                                                            ),
                                                            debug_info: DebugInfo {
                                                                file_info: ,
                                                                pos: Position {
                                                                    n_char: 8,
                                                                    n_line: 3,
                                                                },
                                                            },
                                                        },
                                                        rhs: ConvExpr {
                                                            kind: Binary(
                                                                ConvBinary {
                                                                    kind: Mul,
                                                                    lhs: ConvExpr {
                                                                        kind: Num(
                                                                            0,
                                                                        ),
                                                                        ty: Base(
                                                                            Int,
                                                                        ),
                                                                        debug_info: DebugInfo {
                                                                            file_info: ,
                                                                            pos: Position {
                                                                                n_char: 12,
                                                                                n_line: 3,
                                                                            },
                                                                        },
                                                                    },
                                                                    rhs: ConvExpr {
                                                                        kind: Num(
                                                                            1,
                                                                        ),
                                                                        ty: Base(
                                                                            Int,
                                                                        ),
                                                                        debug_info: DebugInfo {
                                                                            file_info: ,
                                                                            pos: Position {
                                                                                n_char: 8,
                                                                                n_line: 3,
                                                                            },
                                                                        },
                                                                    },
                                                                },
                                                            ),
                                                            ty: Base(
                                                                Int,
                                                            ),
                                                            debug_info: DebugInfo {
                                                                file_info: ,
                                                                pos: Position {
                                                                    n_char: 8,
                                                                    n_line: 3,
                                                                },
                                                            },
                                                        },
                                                    },
                                                ),
                                                ty: Ptr(
                                                    Base(
                                                        Char,
                                                    ),
                                                ),
                                                debug_info: DebugInfo {
                                                    file_info: ,
                                                    pos: Position {
                                                        n_char: 8,
                                                        n_line: 3,
                                                    },
                                                },
                                            },
                                        ),
                                        ty: Base(
                                            Char,
                                        ),
                                        debug_info: DebugInfo {
                                            file_info: ,
                                            pos: Position {
                                                n_char: 8,
                                                n_line: 3,
                                            },
                                        },
                                    },
                                    ConvExpr {
                                        kind: Cast(
                                            ConvExpr {
                                                kind: Num(
                                                    97,
                                                ),
                                                ty: Base(
                                                    Int,
                                                ),
                                                debug_info: DebugInfo {
                                                    file_info: ,
                                                    pos: Position {
                                                        n_char: 17,
                                                        n_line: 3,
                                                    },
                                                },
                                            },
                                            Base2Base(
                                                Int,
                                                Char,
                                            ),
                                        ),
                                        ty: Base(
                                            Char,
                                        ),
                                        debug_info: DebugInfo {
                                            file_info: ,
                                            pos: Position {
                                                n_char: 17,
                                                n_line: 3,
                                            },
                                        },
                                    },
                                ),
                                ty: Base(
                                    Char,
                                ),
                                debug_info: DebugInfo {
                                    file_info: ,
                                    pos: Position {
                                        n_char: 15,
                                        n_line: 3,
                                    },
                                },
                            },
                        ),
                    ],
                ),
                stack_size: 3,
            },
        ),
    ],
}
