---
source: tests/insta_test.rs
expression: tester.conv_program().as_ref().unwrap()
---
ConvProgram {
    components: [
        Global(
            GVar {
                name: ".LC0",
                ty: Array(
                    Base(
                        Char,
                    ),
                    12,
                ),
                init: Some(
                    Array(
                        [
                            ConstExpr {
                                kind: Int(
                                    72,
                                ),
                                ty: Base(
                                    Int,
                                ),
                                debug_info: DebugInfo {
                                    file_name: "",
                                    pos: Position {
                                        n_char: 20,
                                        n_line: 4,
                                    },
                                },
                            },
                            ConstExpr {
                                kind: Int(
                                    101,
                                ),
                                ty: Base(
                                    Int,
                                ),
                                debug_info: DebugInfo {
                                    file_name: "",
                                    pos: Position {
                                        n_char: 20,
                                        n_line: 4,
                                    },
                                },
                            },
                            ConstExpr {
                                kind: Int(
                                    108,
                                ),
                                ty: Base(
                                    Int,
                                ),
                                debug_info: DebugInfo {
                                    file_name: "",
                                    pos: Position {
                                        n_char: 20,
                                        n_line: 4,
                                    },
                                },
                            },
                            ConstExpr {
                                kind: Int(
                                    108,
                                ),
                                ty: Base(
                                    Int,
                                ),
                                debug_info: DebugInfo {
                                    file_name: "",
                                    pos: Position {
                                        n_char: 20,
                                        n_line: 4,
                                    },
                                },
                            },
                            ConstExpr {
                                kind: Int(
                                    111,
                                ),
                                ty: Base(
                                    Int,
                                ),
                                debug_info: DebugInfo {
                                    file_name: "",
                                    pos: Position {
                                        n_char: 20,
                                        n_line: 4,
                                    },
                                },
                            },
                            ConstExpr {
                                kind: Int(
                                    32,
                                ),
                                ty: Base(
                                    Int,
                                ),
                                debug_info: DebugInfo {
                                    file_name: "",
                                    pos: Position {
                                        n_char: 20,
                                        n_line: 4,
                                    },
                                },
                            },
                            ConstExpr {
                                kind: Int(
                                    87,
                                ),
                                ty: Base(
                                    Int,
                                ),
                                debug_info: DebugInfo {
                                    file_name: "",
                                    pos: Position {
                                        n_char: 20,
                                        n_line: 4,
                                    },
                                },
                            },
                            ConstExpr {
                                kind: Int(
                                    111,
                                ),
                                ty: Base(
                                    Int,
                                ),
                                debug_info: DebugInfo {
                                    file_name: "",
                                    pos: Position {
                                        n_char: 20,
                                        n_line: 4,
                                    },
                                },
                            },
                            ConstExpr {
                                kind: Int(
                                    114,
                                ),
                                ty: Base(
                                    Int,
                                ),
                                debug_info: DebugInfo {
                                    file_name: "",
                                    pos: Position {
                                        n_char: 20,
                                        n_line: 4,
                                    },
                                },
                            },
                            ConstExpr {
                                kind: Int(
                                    108,
                                ),
                                ty: Base(
                                    Int,
                                ),
                                debug_info: DebugInfo {
                                    file_name: "",
                                    pos: Position {
                                        n_char: 20,
                                        n_line: 4,
                                    },
                                },
                            },
                            ConstExpr {
                                kind: Int(
                                    100,
                                ),
                                ty: Base(
                                    Int,
                                ),
                                debug_info: DebugInfo {
                                    file_name: "",
                                    pos: Position {
                                        n_char: 20,
                                        n_line: 4,
                                    },
                                },
                            },
                            ConstExpr {
                                kind: Int(
                                    0,
                                ),
                                ty: Base(
                                    Int,
                                ),
                                debug_info: DebugInfo {
                                    file_name: "",
                                    pos: Position {
                                        n_char: 20,
                                        n_line: 4,
                                    },
                                },
                            },
                        ],
                    ),
                ),
            },
        ),
        Func(
            ConvFuncDef {
                ty: Func {
                    ret_ty: Base(
                        Int,
                    ),
                    args: [],
                    is_flexible: true,
                },
                name: "main",
                args: [],
                body: Block(
                    [
                        Expr(
                            ConvExpr {
                                kind: Assign(
                                    ConvExpr {
                                        kind: LVar(
                                            LVar {
                                                offset: 8,
                                                ty: Ptr(
                                                    Base(
                                                        Char,
                                                    ),
                                                ),
                                            },
                                        ),
                                        ty: Ptr(
                                            Base(
                                                Char,
                                            ),
                                        ),
                                        debug_info: DebugInfo {
                                            file_name: "",
                                            pos: Position {
                                                n_char: 8,
                                                n_line: 4,
                                            },
                                        },
                                    },
                                    ConvExpr {
                                        kind: Addr(
                                            ConvExpr {
                                                kind: GVar(
                                                    GVar {
                                                        name: ".LC0",
                                                        ty: Array(
                                                            Base(
                                                                Char,
                                                            ),
                                                            12,
                                                        ),
                                                        init: Some(
                                                            Array(
                                                                [
                                                                    ConstExpr {
                                                                        kind: Int(
                                                                            72,
                                                                        ),
                                                                        ty: Base(
                                                                            Int,
                                                                        ),
                                                                        debug_info: DebugInfo {
                                                                            file_name: "",
                                                                            pos: Position {
                                                                                n_char: 20,
                                                                                n_line: 4,
                                                                            },
                                                                        },
                                                                    },
                                                                    ConstExpr {
                                                                        kind: Int(
                                                                            101,
                                                                        ),
                                                                        ty: Base(
                                                                            Int,
                                                                        ),
                                                                        debug_info: DebugInfo {
                                                                            file_name: "",
                                                                            pos: Position {
                                                                                n_char: 20,
                                                                                n_line: 4,
                                                                            },
                                                                        },
                                                                    },
                                                                    ConstExpr {
                                                                        kind: Int(
                                                                            108,
                                                                        ),
                                                                        ty: Base(
                                                                            Int,
                                                                        ),
                                                                        debug_info: DebugInfo {
                                                                            file_name: "",
                                                                            pos: Position {
                                                                                n_char: 20,
                                                                                n_line: 4,
                                                                            },
                                                                        },
                                                                    },
                                                                    ConstExpr {
                                                                        kind: Int(
                                                                            108,
                                                                        ),
                                                                        ty: Base(
                                                                            Int,
                                                                        ),
                                                                        debug_info: DebugInfo {
                                                                            file_name: "",
                                                                            pos: Position {
                                                                                n_char: 20,
                                                                                n_line: 4,
                                                                            },
                                                                        },
                                                                    },
                                                                    ConstExpr {
                                                                        kind: Int(
                                                                            111,
                                                                        ),
                                                                        ty: Base(
                                                                            Int,
                                                                        ),
                                                                        debug_info: DebugInfo {
                                                                            file_name: "",
                                                                            pos: Position {
                                                                                n_char: 20,
                                                                                n_line: 4,
                                                                            },
                                                                        },
                                                                    },
                                                                    ConstExpr {
                                                                        kind: Int(
                                                                            32,
                                                                        ),
                                                                        ty: Base(
                                                                            Int,
                                                                        ),
                                                                        debug_info: DebugInfo {
                                                                            file_name: "",
                                                                            pos: Position {
                                                                                n_char: 20,
                                                                                n_line: 4,
                                                                            },
                                                                        },
                                                                    },
                                                                    ConstExpr {
                                                                        kind: Int(
                                                                            87,
                                                                        ),
                                                                        ty: Base(
                                                                            Int,
                                                                        ),
                                                                        debug_info: DebugInfo {
                                                                            file_name: "",
                                                                            pos: Position {
                                                                                n_char: 20,
                                                                                n_line: 4,
                                                                            },
                                                                        },
                                                                    },
                                                                    ConstExpr {
                                                                        kind: Int(
                                                                            111,
                                                                        ),
                                                                        ty: Base(
                                                                            Int,
                                                                        ),
                                                                        debug_info: DebugInfo {
                                                                            file_name: "",
                                                                            pos: Position {
                                                                                n_char: 20,
                                                                                n_line: 4,
                                                                            },
                                                                        },
                                                                    },
                                                                    ConstExpr {
                                                                        kind: Int(
                                                                            114,
                                                                        ),
                                                                        ty: Base(
                                                                            Int,
                                                                        ),
                                                                        debug_info: DebugInfo {
                                                                            file_name: "",
                                                                            pos: Position {
                                                                                n_char: 20,
                                                                                n_line: 4,
                                                                            },
                                                                        },
                                                                    },
                                                                    ConstExpr {
                                                                        kind: Int(
                                                                            108,
                                                                        ),
                                                                        ty: Base(
                                                                            Int,
                                                                        ),
                                                                        debug_info: DebugInfo {
                                                                            file_name: "",
                                                                            pos: Position {
                                                                                n_char: 20,
                                                                                n_line: 4,
                                                                            },
                                                                        },
                                                                    },
                                                                    ConstExpr {
                                                                        kind: Int(
                                                                            100,
                                                                        ),
                                                                        ty: Base(
                                                                            Int,
                                                                        ),
                                                                        debug_info: DebugInfo {
                                                                            file_name: "",
                                                                            pos: Position {
                                                                                n_char: 20,
                                                                                n_line: 4,
                                                                            },
                                                                        },
                                                                    },
                                                                    ConstExpr {
                                                                        kind: Int(
                                                                            0,
                                                                        ),
                                                                        ty: Base(
                                                                            Int,
                                                                        ),
                                                                        debug_info: DebugInfo {
                                                                            file_name: "",
                                                                            pos: Position {
                                                                                n_char: 20,
                                                                                n_line: 4,
                                                                            },
                                                                        },
                                                                    },
                                                                ],
                                                            ),
                                                        ),
                                                    },
                                                ),
                                                ty: Base(
                                                    Char,
                                                ),
                                                debug_info: DebugInfo {
                                                    file_name: "",
                                                    pos: Position {
                                                        n_char: 20,
                                                        n_line: 4,
                                                    },
                                                },
                                            },
                                        ),
                                        ty: Ptr(
                                            Base(
                                                Char,
                                            ),
                                        ),
                                        debug_info: DebugInfo {
                                            file_name: "",
                                            pos: Position {
                                                n_char: 20,
                                                n_line: 4,
                                            },
                                        },
                                    },
                                ),
                                ty: Ptr(
                                    Base(
                                        Char,
                                    ),
                                ),
                                debug_info: DebugInfo {
                                    file_name: "",
                                    pos: Position {
                                        n_char: 8,
                                        n_line: 4,
                                    },
                                },
                            },
                        ),
                        Expr(
                            ConvExpr {
                                kind: Func(
                                    "printf",
                                    [
                                        ConvExpr {
                                            kind: LVar(
                                                LVar {
                                                    offset: 8,
                                                    ty: Ptr(
                                                        Base(
                                                            Char,
                                                        ),
                                                    ),
                                                },
                                            ),
                                            ty: Ptr(
                                                Base(
                                                    Char,
                                                ),
                                            ),
                                            debug_info: DebugInfo {
                                                file_name: "",
                                                pos: Position {
                                                    n_char: 15,
                                                    n_line: 5,
                                                },
                                            },
                                        },
                                    ],
                                    false,
                                    0,
                                ),
                                ty: Base(
                                    Int,
                                ),
                                debug_info: DebugInfo {
                                    file_name: "",
                                    pos: Position {
                                        n_char: 8,
                                        n_line: 5,
                                    },
                                },
                            },
                        ),
                    ],
                ),
                stack_size: 8,
            },
        ),
    ],
}
