---
source: tests/insta_test.rs
expression: tester.program().as_ref().unwrap()
---
Program {
    components: [
        ProgramComponent {
            kind: FuncDef(
                Int,
                Declarator {
                    n_star: 0,
                    direct_declarator: Func(
                        Ident(
                            "main",
                        ),
                        [],
                    ),
                },
                Stmt {
                    kind: Block(
                        [
                            Stmt {
                                kind: Declare(
                                    Declaration {
                                        ty_spec: StructOrUnion(
                                            WithList(
                                                Some(
                                                    "my_struct_tag",
                                                ),
                                                [
                                                    StructDeclaration {
                                                        pos: Position {
                                                            n_char: 8,
                                                            n_line: 4,
                                                        },
                                                        ty_spec: Char,
                                                        declarator: Declarator {
                                                            n_star: 0,
                                                            direct_declarator: Ident(
                                                                "a",
                                                            ),
                                                        },
                                                    },
                                                    StructDeclaration {
                                                        pos: Position {
                                                            n_char: 8,
                                                            n_line: 5,
                                                        },
                                                        ty_spec: Int,
                                                        declarator: Declarator {
                                                            n_star: 0,
                                                            direct_declarator: Ident(
                                                                "b",
                                                            ),
                                                        },
                                                    },
                                                    StructDeclaration {
                                                        pos: Position {
                                                            n_char: 8,
                                                            n_line: 6,
                                                        },
                                                        ty_spec: Char,
                                                        declarator: Declarator {
                                                            n_star: 0,
                                                            direct_declarator: Ident(
                                                                "c",
                                                            ),
                                                        },
                                                    },
                                                ],
                                            ),
                                        ),
                                        init_declarator: Some(
                                            InitDeclarator {
                                                declarator: Declarator {
                                                    n_star: 0,
                                                    direct_declarator: Ident(
                                                        "mine",
                                                    ),
                                                },
                                                initializer: None,
                                            },
                                        ),
                                        pos: Position {
                                            n_char: 4,
                                            n_line: 2,
                                        },
                                    },
                                ),
                            },
                            Stmt {
                                kind: Return(
                                    Expr {
                                        kind: SizeOf(
                                            Expr(
                                                Expr {
                                                    kind: LVar(
                                                        "mine",
                                                    ),
                                                    pos: Position {
                                                        n_char: 18,
                                                        n_line: 8,
                                                    },
                                                },
                                            ),
                                        ),
                                        pos: Position {
                                            n_char: 11,
                                            n_line: 8,
                                        },
                                    },
                                ),
                            },
                        ],
                    ),
                },
            ),
            pos: Position {
                n_char: 0,
                n_line: 0,
            },
        },
    ],
}
