---
source: tests/insta_test.rs
expression: tester.tokens().as_ref().unwrap()
---
[
    Token {
        kind: Type(
            Int,
        ),
        debug_info: DebugInfo {
            pos: Position {
                n_char: 4,
                n_line: 1,
            },
        },
    },
    Token {
        kind: Ident(
            "main",
        ),
        debug_info: DebugInfo {
            pos: Position {
                n_char: 8,
                n_line: 1,
            },
        },
    },
    Token {
        kind: OpenDelim(
            Paren,
        ),
        debug_info: DebugInfo {
            pos: Position {
                n_char: 12,
                n_line: 1,
            },
        },
    },
    Token {
        kind: CloseDelim(
            Paren,
        ),
        debug_info: DebugInfo {
            pos: Position {
                n_char: 13,
                n_line: 1,
            },
        },
    },
    Token {
        kind: OpenDelim(
            Brace,
        ),
        debug_info: DebugInfo {
            pos: Position {
                n_char: 15,
                n_line: 1,
            },
        },
    },
    Token {
        kind: Return,
        debug_info: DebugInfo {
            pos: Position {
                n_char: 8,
                n_line: 2,
            },
        },
    },
    Token {
        kind: Num(
            7,
        ),
        debug_info: DebugInfo {
            pos: Position {
                n_char: 15,
                n_line: 2,
            },
        },
    },
    Token {
        kind: BinOp(
            And,
        ),
        debug_info: DebugInfo {
            pos: Position {
                n_char: 19,
                n_line: 2,
            },
        },
    },
    Token {
        kind: Num(
            5,
        ),
        debug_info: DebugInfo {
            pos: Position {
                n_char: 21,
                n_line: 2,
            },
        },
    },
    Token {
        kind: Semi,
        debug_info: DebugInfo {
            pos: Position {
                n_char: 24,
                n_line: 2,
            },
        },
    },
    Token {
        kind: CloseDelim(
            Brace,
        ),
        debug_info: DebugInfo {
            pos: Position {
                n_char: 4,
                n_line: 3,
            },
        },
    },
    Token {
        kind: Eof,
        debug_info: DebugInfo {
            pos: Position {
                n_char: 4,
                n_line: 4,
            },
        },
    },
]
