---
source: tests/insta_test.rs
expression: self.tokens()
---
[
    Token {
        kind: Type(
            Int,
        ),
        pos: Position {
            n_char: 0,
            n_line: 1,
        },
    },
    Token {
        kind: Ident(
            "main",
        ),
        pos: Position {
            n_char: 4,
            n_line: 1,
        },
    },
    Token {
        kind: OpenDelim(
            Paran,
        ),
        pos: Position {
            n_char: 8,
            n_line: 1,
        },
    },
    Token {
        kind: CloseDelim(
            Paran,
        ),
        pos: Position {
            n_char: 9,
            n_line: 1,
        },
    },
    Token {
        kind: OpenDelim(
            Brace,
        ),
        pos: Position {
            n_char: 11,
            n_line: 1,
        },
    },
    Token {
        kind: Type(
            Int,
        ),
        pos: Position {
            n_char: 1,
            n_line: 2,
        },
    },
    Token {
        kind: Ident(
            "a",
        ),
        pos: Position {
            n_char: 5,
            n_line: 2,
        },
    },
    Token {
        kind: Eq,
        pos: Position {
            n_char: 7,
            n_line: 2,
        },
    },
    Token {
        kind: Num(
            5,
        ),
        pos: Position {
            n_char: 9,
            n_line: 2,
        },
    },
    Token {
        kind: Semi,
        pos: Position {
            n_char: 10,
            n_line: 2,
        },
    },
    Token {
        kind: Type(
            Int,
        ),
        pos: Position {
            n_char: 1,
            n_line: 3,
        },
    },
    Token {
        kind: Ident(
            "b",
        ),
        pos: Position {
            n_char: 5,
            n_line: 3,
        },
    },
    Token {
        kind: Eq,
        pos: Position {
            n_char: 7,
            n_line: 3,
        },
    },
    Token {
        kind: SizeOf,
        pos: Position {
            n_char: 9,
            n_line: 3,
        },
    },
    Token {
        kind: OpenDelim(
            Paran,
        ),
        pos: Position {
            n_char: 16,
            n_line: 3,
        },
    },
    Token {
        kind: Ident(
            "a",
        ),
        pos: Position {
            n_char: 17,
            n_line: 3,
        },
    },
    Token {
        kind: CloseDelim(
            Paran,
        ),
        pos: Position {
            n_char: 18,
            n_line: 3,
        },
    },
    Token {
        kind: Semi,
        pos: Position {
            n_char: 19,
            n_line: 3,
        },
    },
    Token {
        kind: Type(
            Int,
        ),
        pos: Position {
            n_char: 1,
            n_line: 4,
        },
    },
    Token {
        kind: Ident(
            "c",
        ),
        pos: Position {
            n_char: 5,
            n_line: 4,
        },
    },
    Token {
        kind: Eq,
        pos: Position {
            n_char: 7,
            n_line: 4,
        },
    },
    Token {
        kind: SizeOf,
        pos: Position {
            n_char: 9,
            n_line: 4,
        },
    },
    Token {
        kind: OpenDelim(
            Paran,
        ),
        pos: Position {
            n_char: 16,
            n_line: 4,
        },
    },
    Token {
        kind: Type(
            Int,
        ),
        pos: Position {
            n_char: 17,
            n_line: 4,
        },
    },
    Token {
        kind: CloseDelim(
            Paran,
        ),
        pos: Position {
            n_char: 20,
            n_line: 4,
        },
    },
    Token {
        kind: Semi,
        pos: Position {
            n_char: 21,
            n_line: 4,
        },
    },
    Token {
        kind: CloseDelim(
            Brace,
        ),
        pos: Position {
            n_char: 1,
            n_line: 5,
        },
    },
    Token {
        kind: Eof,
        pos: Position {
            n_char: 0,
            n_line: 6,
        },
    },
]
