---
source: tests/insta_test.rs
expression: tester.conv_program().as_ref().unwrap()
---
ConvProgram {
    components: [
        Func(
            ConvFuncDef {
                ty: Func(
                    Base(
                        Int,
                    ),
                    [],
                ),
                name: "main",
                args: [],
                body: Block(
                    [
                        Expr(
                            ConvExpr {
                                kind: Assign(
                                    ConvExpr {
                                        kind: LVar(
                                            LVar {
                                                offset: 4,
                                                ty: Base(
                                                    Int,
                                                ),
                                            },
                                        ),
                                        ty: Base(
                                            Int,
                                        ),
                                        pos: Position {
                                            n_char: 8,
                                            n_line: 1,
                                        },
                                    },
                                    ConvExpr {
                                        kind: Num(
                                            1,
                                        ),
                                        ty: Base(
                                            Int,
                                        ),
                                        pos: Position {
                                            n_char: 16,
                                            n_line: 1,
                                        },
                                    },
                                ),
                                ty: Base(
                                    Int,
                                ),
                                pos: Position {
                                    n_char: 8,
                                    n_line: 1,
                                },
                            },
                        ),
                        Expr(
                            ConvExpr {
                                kind: Assign(
                                    ConvExpr {
                                        kind: LVar(
                                            LVar {
                                                offset: 8,
                                                ty: Base(
                                                    Int,
                                                ),
                                            },
                                        ),
                                        ty: Base(
                                            Int,
                                        ),
                                        pos: Position {
                                            n_char: 8,
                                            n_line: 2,
                                        },
                                    },
                                    ConvExpr {
                                        kind: Num(
                                            0,
                                        ),
                                        ty: Base(
                                            Int,
                                        ),
                                        pos: Position {
                                            n_char: 16,
                                            n_line: 2,
                                        },
                                    },
                                ),
                                ty: Base(
                                    Int,
                                ),
                                pos: Position {
                                    n_char: 8,
                                    n_line: 2,
                                },
                            },
                        ),
                        Expr(
                            ConvExpr {
                                kind: Assign(
                                    ConvExpr {
                                        kind: LVar(
                                            LVar {
                                                offset: 12,
                                                ty: Base(
                                                    Int,
                                                ),
                                            },
                                        ),
                                        ty: Base(
                                            Int,
                                        ),
                                        pos: Position {
                                            n_char: 8,
                                            n_line: 3,
                                        },
                                    },
                                    ConvExpr {
                                        kind: Conditional {
                                            cond: ConvExpr {
                                                kind: Conditional {
                                                    cond: ConvExpr {
                                                        kind: LVar(
                                                            LVar {
                                                                offset: 4,
                                                                ty: Base(
                                                                    Int,
                                                                ),
                                                            },
                                                        ),
                                                        ty: Base(
                                                            Int,
                                                        ),
                                                        pos: Position {
                                                            n_char: 16,
                                                            n_line: 3,
                                                        },
                                                    },
                                                    then: ConvExpr {
                                                        kind: LVar(
                                                            LVar {
                                                                offset: 8,
                                                                ty: Base(
                                                                    Int,
                                                                ),
                                                            },
                                                        ),
                                                        ty: Base(
                                                            Int,
                                                        ),
                                                        pos: Position {
                                                            n_char: 21,
                                                            n_line: 3,
                                                        },
                                                    },
                                                    els: ConvExpr {
                                                        kind: Num(
                                                            0,
                                                        ),
                                                        ty: Base(
                                                            Int,
                                                        ),
                                                        pos: Position {
                                                            n_char: 16,
                                                            n_line: 3,
                                                        },
                                                    },
                                                },
                                                ty: Base(
                                                    Int,
                                                ),
                                                pos: Position {
                                                    n_char: 16,
                                                    n_line: 3,
                                                },
                                            },
                                            then: ConvExpr {
                                                kind: Num(
                                                    2,
                                                ),
                                                ty: Base(
                                                    Int,
                                                ),
                                                pos: Position {
                                                    n_char: 26,
                                                    n_line: 3,
                                                },
                                            },
                                            els: ConvExpr {
                                                kind: Num(
                                                    0,
                                                ),
                                                ty: Base(
                                                    Int,
                                                ),
                                                pos: Position {
                                                    n_char: 16,
                                                    n_line: 3,
                                                },
                                            },
                                        },
                                        ty: Base(
                                            Int,
                                        ),
                                        pos: Position {
                                            n_char: 16,
                                            n_line: 3,
                                        },
                                    },
                                ),
                                ty: Base(
                                    Int,
                                ),
                                pos: Position {
                                    n_char: 8,
                                    n_line: 3,
                                },
                            },
                        ),
                        Expr(
                            ConvExpr {
                                kind: Assign(
                                    ConvExpr {
                                        kind: LVar(
                                            LVar {
                                                offset: 16,
                                                ty: Base(
                                                    Int,
                                                ),
                                            },
                                        ),
                                        ty: Base(
                                            Int,
                                        ),
                                        pos: Position {
                                            n_char: 8,
                                            n_line: 4,
                                        },
                                    },
                                    ConvExpr {
                                        kind: Conditional {
                                            cond: ConvExpr {
                                                kind: Conditional {
                                                    cond: ConvExpr {
                                                        kind: LVar(
                                                            LVar {
                                                                offset: 4,
                                                                ty: Base(
                                                                    Int,
                                                                ),
                                                            },
                                                        ),
                                                        ty: Base(
                                                            Int,
                                                        ),
                                                        pos: Position {
                                                            n_char: 16,
                                                            n_line: 4,
                                                        },
                                                    },
                                                    then: ConvExpr {
                                                        kind: Num(
                                                            1,
                                                        ),
                                                        ty: Base(
                                                            Int,
                                                        ),
                                                        pos: Position {
                                                            n_char: 16,
                                                            n_line: 4,
                                                        },
                                                    },
                                                    els: ConvExpr {
                                                        kind: LVar(
                                                            LVar {
                                                                offset: 8,
                                                                ty: Base(
                                                                    Int,
                                                                ),
                                                            },
                                                        ),
                                                        ty: Base(
                                                            Int,
                                                        ),
                                                        pos: Position {
                                                            n_char: 21,
                                                            n_line: 4,
                                                        },
                                                    },
                                                },
                                                ty: Base(
                                                    Int,
                                                ),
                                                pos: Position {
                                                    n_char: 16,
                                                    n_line: 4,
                                                },
                                            },
                                            then: ConvExpr {
                                                kind: Num(
                                                    1,
                                                ),
                                                ty: Base(
                                                    Int,
                                                ),
                                                pos: Position {
                                                    n_char: 16,
                                                    n_line: 4,
                                                },
                                            },
                                            els: ConvExpr {
                                                kind: Num(
                                                    1,
                                                ),
                                                ty: Base(
                                                    Int,
                                                ),
                                                pos: Position {
                                                    n_char: 26,
                                                    n_line: 4,
                                                },
                                            },
                                        },
                                        ty: Base(
                                            Int,
                                        ),
                                        pos: Position {
                                            n_char: 16,
                                            n_line: 4,
                                        },
                                    },
                                ),
                                ty: Base(
                                    Int,
                                ),
                                pos: Position {
                                    n_char: 8,
                                    n_line: 4,
                                },
                            },
                        ),
                    ],
                ),
                stack_size: 16,
            },
        ),
    ],
}
