---
source: tests/insta_test.rs
expression: tester.tokens().as_ref().unwrap()
---
[
    Token {
        kind: Type(
            Int,
        ),
        debug_info: DebugInfo {
            file_info: FileInfo {
                file_name: "not impl name.c",
                src: "\n    int main() {\n        char arr[3];\n        arr[0] = 'a';\n    }\n    ",
            },
            pos: Position {
                n_char: 4,
                n_line: 1,
            },
        },
    },
    Token {
        kind: Ident(
            "main",
        ),
        debug_info: DebugInfo {
            file_info: FileInfo {
                file_name: "not impl name.c",
                src: "\n    int main() {\n        char arr[3];\n        arr[0] = 'a';\n    }\n    ",
            },
            pos: Position {
                n_char: 8,
                n_line: 1,
            },
        },
    },
    Token {
        kind: OpenDelim(
            Paren,
        ),
        debug_info: DebugInfo {
            file_info: FileInfo {
                file_name: "not impl name.c",
                src: "\n    int main() {\n        char arr[3];\n        arr[0] = 'a';\n    }\n    ",
            },
            pos: Position {
                n_char: 12,
                n_line: 1,
            },
        },
    },
    Token {
        kind: CloseDelim(
            Paren,
        ),
        debug_info: DebugInfo {
            file_info: FileInfo {
                file_name: "not impl name.c",
                src: "\n    int main() {\n        char arr[3];\n        arr[0] = 'a';\n    }\n    ",
            },
            pos: Position {
                n_char: 13,
                n_line: 1,
            },
        },
    },
    Token {
        kind: OpenDelim(
            Brace,
        ),
        debug_info: DebugInfo {
            file_info: FileInfo {
                file_name: "not impl name.c",
                src: "\n    int main() {\n        char arr[3];\n        arr[0] = 'a';\n    }\n    ",
            },
            pos: Position {
                n_char: 15,
                n_line: 1,
            },
        },
    },
    Token {
        kind: Type(
            Char,
        ),
        debug_info: DebugInfo {
            file_info: FileInfo {
                file_name: "not impl name.c",
                src: "\n    int main() {\n        char arr[3];\n        arr[0] = 'a';\n    }\n    ",
            },
            pos: Position {
                n_char: 8,
                n_line: 2,
            },
        },
    },
    Token {
        kind: Ident(
            "arr",
        ),
        debug_info: DebugInfo {
            file_info: FileInfo {
                file_name: "not impl name.c",
                src: "\n    int main() {\n        char arr[3];\n        arr[0] = 'a';\n    }\n    ",
            },
            pos: Position {
                n_char: 13,
                n_line: 2,
            },
        },
    },
    Token {
        kind: OpenDelim(
            Bracket,
        ),
        debug_info: DebugInfo {
            file_info: FileInfo {
                file_name: "not impl name.c",
                src: "\n    int main() {\n        char arr[3];\n        arr[0] = 'a';\n    }\n    ",
            },
            pos: Position {
                n_char: 16,
                n_line: 2,
            },
        },
    },
    Token {
        kind: Num(
            3,
        ),
        debug_info: DebugInfo {
            file_info: FileInfo {
                file_name: "not impl name.c",
                src: "\n    int main() {\n        char arr[3];\n        arr[0] = 'a';\n    }\n    ",
            },
            pos: Position {
                n_char: 17,
                n_line: 2,
            },
        },
    },
    Token {
        kind: CloseDelim(
            Bracket,
        ),
        debug_info: DebugInfo {
            file_info: FileInfo {
                file_name: "not impl name.c",
                src: "\n    int main() {\n        char arr[3];\n        arr[0] = 'a';\n    }\n    ",
            },
            pos: Position {
                n_char: 18,
                n_line: 2,
            },
        },
    },
    Token {
        kind: Semi,
        debug_info: DebugInfo {
            file_info: FileInfo {
                file_name: "not impl name.c",
                src: "\n    int main() {\n        char arr[3];\n        arr[0] = 'a';\n    }\n    ",
            },
            pos: Position {
                n_char: 19,
                n_line: 2,
            },
        },
    },
    Token {
        kind: Ident(
            "arr",
        ),
        debug_info: DebugInfo {
            file_info: FileInfo {
                file_name: "not impl name.c",
                src: "\n    int main() {\n        char arr[3];\n        arr[0] = 'a';\n    }\n    ",
            },
            pos: Position {
                n_char: 8,
                n_line: 3,
            },
        },
    },
    Token {
        kind: OpenDelim(
            Bracket,
        ),
        debug_info: DebugInfo {
            file_info: FileInfo {
                file_name: "not impl name.c",
                src: "\n    int main() {\n        char arr[3];\n        arr[0] = 'a';\n    }\n    ",
            },
            pos: Position {
                n_char: 11,
                n_line: 3,
            },
        },
    },
    Token {
        kind: Num(
            0,
        ),
        debug_info: DebugInfo {
            file_info: FileInfo {
                file_name: "not impl name.c",
                src: "\n    int main() {\n        char arr[3];\n        arr[0] = 'a';\n    }\n    ",
            },
            pos: Position {
                n_char: 12,
                n_line: 3,
            },
        },
    },
    Token {
        kind: CloseDelim(
            Bracket,
        ),
        debug_info: DebugInfo {
            file_info: FileInfo {
                file_name: "not impl name.c",
                src: "\n    int main() {\n        char arr[3];\n        arr[0] = 'a';\n    }\n    ",
            },
            pos: Position {
                n_char: 13,
                n_line: 3,
            },
        },
    },
    Token {
        kind: Eq,
        debug_info: DebugInfo {
            file_info: FileInfo {
                file_name: "not impl name.c",
                src: "\n    int main() {\n        char arr[3];\n        arr[0] = 'a';\n    }\n    ",
            },
            pos: Position {
                n_char: 15,
                n_line: 3,
            },
        },
    },
    Token {
        kind: Num(
            97,
        ),
        debug_info: DebugInfo {
            file_info: FileInfo {
                file_name: "not impl name.c",
                src: "\n    int main() {\n        char arr[3];\n        arr[0] = 'a';\n    }\n    ",
            },
            pos: Position {
                n_char: 17,
                n_line: 3,
            },
        },
    },
    Token {
        kind: Semi,
        debug_info: DebugInfo {
            file_info: FileInfo {
                file_name: "not impl name.c",
                src: "\n    int main() {\n        char arr[3];\n        arr[0] = 'a';\n    }\n    ",
            },
            pos: Position {
                n_char: 20,
                n_line: 3,
            },
        },
    },
    Token {
        kind: CloseDelim(
            Brace,
        ),
        debug_info: DebugInfo {
            file_info: FileInfo {
                file_name: "not impl name.c",
                src: "\n    int main() {\n        char arr[3];\n        arr[0] = 'a';\n    }\n    ",
            },
            pos: Position {
                n_char: 4,
                n_line: 4,
            },
        },
    },
    Token {
        kind: Eof,
        debug_info: DebugInfo {
            file_info: FileInfo {
                file_name: "not impl name.c",
                src: "\n    int main() {\n        char arr[3];\n        arr[0] = 'a';\n    }\n    ",
            },
            pos: Position {
                n_char: 3,
                n_line: 5,
            },
        },
    },
]
